Archive member included to satisfy reference by file (symbol)

/opt/st/stm32cubeide_1.8.0/plugins/com.st.stm32cube.ide.mcu.externaltools.gnu-tools-for-stm32.9-2020-q2-update.linux64_2.0.0.202105311346/tools/bin/../lib/gcc/arm-none-eabi/9.3.1/../../../../arm-none-eabi/lib/thumb/v7e-m+fp/hard/libc_nano.a(lib_a-errno.o)
                              ./Core/Src/syscalls.o (__errno)
/opt/st/stm32cubeide_1.8.0/plugins/com.st.stm32cube.ide.mcu.externaltools.gnu-tools-for-stm32.9-2020-q2-update.linux64_2.0.0.202105311346/tools/bin/../lib/gcc/arm-none-eabi/9.3.1/../../../../arm-none-eabi/lib/thumb/v7e-m+fp/hard/libc_nano.a(lib_a-exit.o)
                              /opt/st/stm32cubeide_1.8.0/plugins/com.st.stm32cube.ide.mcu.externaltools.gnu-tools-for-stm32.9-2020-q2-update.linux64_2.0.0.202105311346/tools/bin/../lib/gcc/arm-none-eabi/9.3.1/../../../../arm-none-eabi/lib/thumb/v7e-m+fp/hard/crt0.o (exit)
/opt/st/stm32cubeide_1.8.0/plugins/com.st.stm32cube.ide.mcu.externaltools.gnu-tools-for-stm32.9-2020-q2-update.linux64_2.0.0.202105311346/tools/bin/../lib/gcc/arm-none-eabi/9.3.1/../../../../arm-none-eabi/lib/thumb/v7e-m+fp/hard/libc_nano.a(lib_a-impure.o)
                              /opt/st/stm32cubeide_1.8.0/plugins/com.st.stm32cube.ide.mcu.externaltools.gnu-tools-for-stm32.9-2020-q2-update.linux64_2.0.0.202105311346/tools/bin/../lib/gcc/arm-none-eabi/9.3.1/../../../../arm-none-eabi/lib/thumb/v7e-m+fp/hard/libc_nano.a(lib_a-exit.o) (_global_impure_ptr)
/opt/st/stm32cubeide_1.8.0/plugins/com.st.stm32cube.ide.mcu.externaltools.gnu-tools-for-stm32.9-2020-q2-update.linux64_2.0.0.202105311346/tools/bin/../lib/gcc/arm-none-eabi/9.3.1/../../../../arm-none-eabi/lib/thumb/v7e-m+fp/hard/libc_nano.a(lib_a-init.o)
                              /opt/st/stm32cubeide_1.8.0/plugins/com.st.stm32cube.ide.mcu.externaltools.gnu-tools-for-stm32.9-2020-q2-update.linux64_2.0.0.202105311346/tools/bin/../lib/gcc/arm-none-eabi/9.3.1/../../../../arm-none-eabi/lib/thumb/v7e-m+fp/hard/crt0.o (__libc_init_array)
/opt/st/stm32cubeide_1.8.0/plugins/com.st.stm32cube.ide.mcu.externaltools.gnu-tools-for-stm32.9-2020-q2-update.linux64_2.0.0.202105311346/tools/bin/../lib/gcc/arm-none-eabi/9.3.1/../../../../arm-none-eabi/lib/thumb/v7e-m+fp/hard/libc_nano.a(lib_a-memset.o)
                              /opt/st/stm32cubeide_1.8.0/plugins/com.st.stm32cube.ide.mcu.externaltools.gnu-tools-for-stm32.9-2020-q2-update.linux64_2.0.0.202105311346/tools/bin/../lib/gcc/arm-none-eabi/9.3.1/../../../../arm-none-eabi/lib/thumb/v7e-m+fp/hard/crt0.o (memset)
/opt/st/stm32cubeide_1.8.0/plugins/com.st.stm32cube.ide.mcu.externaltools.gnu-tools-for-stm32.9-2020-q2-update.linux64_2.0.0.202105311346/tools/bin/../lib/gcc/arm-none-eabi/9.3.1/thumb/v7e-m+fp/hard/libgcc.a(_aeabi_uldivmod.o)
                              ./Drivers/STM32F4xx_HAL_Driver/Src/stm32f4xx_hal_rcc.o (__aeabi_uldivmod)
/opt/st/stm32cubeide_1.8.0/plugins/com.st.stm32cube.ide.mcu.externaltools.gnu-tools-for-stm32.9-2020-q2-update.linux64_2.0.0.202105311346/tools/bin/../lib/gcc/arm-none-eabi/9.3.1/thumb/v7e-m+fp/hard/libgcc.a(_udivmoddi4.o)
                              /opt/st/stm32cubeide_1.8.0/plugins/com.st.stm32cube.ide.mcu.externaltools.gnu-tools-for-stm32.9-2020-q2-update.linux64_2.0.0.202105311346/tools/bin/../lib/gcc/arm-none-eabi/9.3.1/thumb/v7e-m+fp/hard/libgcc.a(_aeabi_uldivmod.o) (__udivmoddi4)
/opt/st/stm32cubeide_1.8.0/plugins/com.st.stm32cube.ide.mcu.externaltools.gnu-tools-for-stm32.9-2020-q2-update.linux64_2.0.0.202105311346/tools/bin/../lib/gcc/arm-none-eabi/9.3.1/thumb/v7e-m+fp/hard/libgcc.a(_dvmd_tls.o)
                              /opt/st/stm32cubeide_1.8.0/plugins/com.st.stm32cube.ide.mcu.externaltools.gnu-tools-for-stm32.9-2020-q2-update.linux64_2.0.0.202105311346/tools/bin/../lib/gcc/arm-none-eabi/9.3.1/thumb/v7e-m+fp/hard/libgcc.a(_aeabi_uldivmod.o) (__aeabi_ldiv0)

Allocating common symbols
Common symbol       size              file

txData              0x20              ./Core/Src/main.o
uwTick              0x4               ./Drivers/STM32F4xx_HAL_Driver/Src/stm32f4xx_hal.o
pFlash              0x20              ./Drivers/STM32F4xx_HAL_Driver/Src/stm32f4xx_hal_flash.o
hspi3               0x58              ./Core/Src/main.o
RxData              0x20              ./Core/Src/main.o
huart2              0x44              ./Core/Src/main.o

Discarded input sections

 .text          0x0000000000000000        0x0 /opt/st/stm32cubeide_1.8.0/plugins/com.st.stm32cube.ide.mcu.externaltools.gnu-tools-for-stm32.9-2020-q2-update.linux64_2.0.0.202105311346/tools/bin/../lib/gcc/arm-none-eabi/9.3.1/thumb/v7e-m+fp/hard/crti.o
 .data          0x0000000000000000        0x0 /opt/st/stm32cubeide_1.8.0/plugins/com.st.stm32cube.ide.mcu.externaltools.gnu-tools-for-stm32.9-2020-q2-update.linux64_2.0.0.202105311346/tools/bin/../lib/gcc/arm-none-eabi/9.3.1/thumb/v7e-m+fp/hard/crti.o
[...]
Memory Configuration

Name             Origin             Length             Attributes
RAM              0x0000000020000000 0x0000000000020000 xrw
FLASH            0x0000000008000000 0x0000000000080000 xr
*default*        0x0000000000000000 0xffffffffffffffff

Linker script and memory map

LOAD /opt/st/stm32cubeide_1.8.0/plugins/com.st.stm32cube.ide.mcu.externaltools.gnu-tools-for-stm32.9-2020-q2-update.linux64_2.0.0.202105311346/tools/bin/../lib/gcc/arm-none-eabi/9.3.1/thumb/v7e-m+fp/hard/crti.o
LOAD /opt/st/stm32cubeide_1.8.0/plugins/com.st.stm32cube.ide.mcu.externaltools.gnu-tools-for-stm32.9-2020-q2-update.linux64_2.0.0.202105311346/tools/bin/../lib/gcc/arm-none-eabi/9.3.1/thumb/v7e-m+fp/hard/crtbegin.o
LOAD /opt/st/stm32cubeide_1.8.0/plugins/com.st.stm32cube.ide.mcu.externaltools.gnu-tools-for-stm32.9-2020-q2-update.linux64_2.0.0.202105311346/tools/bin/../lib/gcc/arm-none-eabi/9.3.1/../../../../arm-none-eabi/lib/thumb/v7e-m+fp/hard/crt0.o
LOAD ./Core/Src/NRF24L01.o
LOAD ./Core/Src/main.o
LOAD ./Core/Src/stm32f4xx_hal_msp.o
LOAD ./Core/Src/stm32f4xx_it.o
LOAD ./Core/Src/syscalls.o
LOAD ./Core/Src/sysmem.o
LOAD ./Core/Src/system_stm32f4xx.o
LOAD ./Core/Startup/startup_stm32f411retx.o
LOAD ./Drivers/STM32F4xx_HAL_Driver/Src/stm32f4xx_hal.o
LOAD ./Drivers/STM32F4xx_HAL_Driver/Src/stm32f4xx_hal_cortex.o
LOAD ./Drivers/STM32F4xx_HAL_Driver/Src/stm32f4xx_hal_dma.o
LOAD ./Drivers/STM32F4xx_HAL_Driver/Src/stm32f4xx_hal_dma_ex.o
LOAD ./Drivers/STM32F4xx_HAL_Driver/Src/stm32f4xx_hal_exti.o
LOAD ./Drivers/STM32F4xx_HAL_Driver/Src/stm32f4xx_hal_flash.o
LOAD ./Drivers/STM32F4xx_HAL_Driver/Src/stm32f4xx_hal_flash_ex.o
LOAD ./Drivers/STM32F4xx_HAL_Driver/Src/stm32f4xx_hal_flash_ramfunc.o
LOAD ./Drivers/STM32F4xx_HAL_Driver/Src/stm32f4xx_hal_gpio.o
LOAD ./Drivers/STM32F4xx_HAL_Driver/Src/stm32f4xx_hal_pwr.o
LOAD ./Drivers/STM32F4xx_HAL_Driver/Src/stm32f4xx_hal_pwr_ex.o
LOAD ./Drivers/STM32F4xx_HAL_Driver/Src/stm32f4xx_hal_rcc.o
LOAD ./Drivers/STM32F4xx_HAL_Driver/Src/stm32f4xx_hal_rcc_ex.o
LOAD ./Drivers/STM32F4xx_HAL_Driver/Src/stm32f4xx_hal_spi.o
LOAD ./Drivers/STM32F4xx_HAL_Driver/Src/stm32f4xx_hal_tim.o
LOAD ./Drivers/STM32F4xx_HAL_Driver/Src/stm32f4xx_hal_tim_ex.o
LOAD ./Drivers/STM32F4xx_HAL_Driver/Src/stm32f4xx_hal_uart.o
START GROUP
LOAD /opt/st/stm32cubeide_1.8.0/plugins/com.st.stm32cube.ide.mcu.externaltools.gnu-tools-for-stm32.9-2020-q2-update.linux64_2.0.0.202105311346/tools/bin/../lib/gcc/arm-none-eabi/9.3.1/../../../../arm-none-eabi/lib/thumb/v7e-m+fp/hard/libc_nano.a
LOAD /opt/st/stm32cubeide_1.8.0/plugins/com.st.stm32cube.ide.mcu.externaltools.gnu-tools-for-stm32.9-2020-q2-update.linux64_2.0.0.202105311346/tools/bin/../lib/gcc/arm-none-eabi/9.3.1/../../../../arm-none-eabi/lib/thumb/v7e-m+fp/hard/libm.a
END GROUP
START GROUP
LOAD /opt/st/stm32cubeide_1.8.0/plugins/com.st.stm32cube.ide.mcu.externaltools.gnu-tools-for-stm32.9-2020-q2-update.linux64_2.0.0.202105311346/tools/bin/../lib/gcc/arm-none-eabi/9.3.1/thumb/v7e-m+fp/hard/libgcc.a
LOAD /opt/st/stm32cubeide_1.8.0/plugins/com.st.stm32cube.ide.mcu.externaltools.gnu-tools-for-stm32.9-2020-q2-update.linux64_2.0.0.202105311346/tools/bin/../lib/gcc/arm-none-eabi/9.3.1/../../../../arm-none-eabi/lib/thumb/v7e-m+fp/hard/libc_nano.a
END GROUP
START GROUP
LOAD /opt/st/stm32cubeide_1.8.0/plugins/com.st.stm32cube.ide.mcu.externaltools.gnu-tools-for-stm32.9-2020-q2-update.linux64_2.0.0.202105311346/tools/bin/../lib/gcc/arm-none-eabi/9.3.1/thumb/v7e-m+fp/hard/libgcc.a
LOAD /opt/st/stm32cubeide_1.8.0/plugins/com.st.stm32cube.ide.mcu.externaltools.gnu-tools-for-stm32.9-2020-q2-update.linux64_2.0.0.202105311346/tools/bin/../lib/gcc/arm-none-eabi/9.3.1/../../../../arm-none-eabi/lib/thumb/v7e-m+fp/hard/libc_nano.a
LOAD /opt/st/stm32cubeide_1.8.0/plugins/com.st.stm32cube.ide.mcu.externaltools.gnu-tools-for-stm32.9-2020-q2-update.linux64_2.0.0.202105311346/tools/bin/../lib/gcc/arm-none-eabi/9.3.1/../../../../arm-none-eabi/lib/thumb/v7e-m+fp/hard/libnosys.a
END GROUP
START GROUP
LOAD /opt/st/stm32cubeide_1.8.0/plugins/com.st.stm32cube.ide.mcu.externaltools.gnu-tools-for-stm32.9-2020-q2-update.linux64_2.0.0.202105311346/tools/bin/../lib/gcc/arm-none-eabi/9.3.1/thumb/v7e-m+fp/hard/libgcc.a
LOAD /opt/st/stm32cubeide_1.8.0/plugins/com.st.stm32cube.ide.mcu.externaltools.gnu-tools-for-stm32.9-2020-q2-update.linux64_2.0.0.202105311346/tools/bin/../lib/gcc/arm-none-eabi/9.3.1/../../../../arm-none-eabi/lib/thumb/v7e-m+fp/hard/libc_nano.a
LOAD /opt/st/stm32cubeide_1.8.0/plugins/com.st.stm32cube.ide.mcu.externaltools.gnu-tools-for-stm32.9-2020-q2-update.linux64_2.0.0.202105311346/tools/bin/../lib/gcc/arm-none-eabi/9.3.1/../../../../arm-none-eabi/lib/thumb/v7e-m+fp/hard/libnosys.a
END GROUP
LOAD /opt/st/stm32cubeide_1.8.0/plugins/com.st.stm32cube.ide.mcu.externaltools.gnu-tools-for-stm32.9-2020-q2-update.linux64_2.0.0.202105311346/tools/bin/../lib/gcc/arm-none-eabi/9.3.1/thumb/v7e-m+fp/hard/crtend.o
LOAD /opt/st/stm32cubeide_1.8.0/plugins/com.st.stm32cube.ide.mcu.externaltools.gnu-tools-for-stm32.9-2020-q2-update.linux64_2.0.0.202105311346/tools/bin/../lib/gcc/arm-none-eabi/9.3.1/thumb/v7e-m+fp/hard/crtn.o
                0x0000000020020000                _estack = (ORIGIN (RAM) + LENGTH (RAM))
                0x0000000000000200                _Min_Heap_Size = 0x200
                0x0000000000000400                _Min_Stack_Size = 0x400

.isr_vector     0x0000000008000000      0x198
                0x0000000008000000                . = ALIGN (0x4)
 *(.isr_vector)
 .isr_vector    0x0000000008000000      0x198 ./Core/Startup/startup_stm32f411retx.o
                0x0000000008000000                g_pfnVectors
                0x0000000008000198                . = ALIGN (0x4)

.text           0x0000000008000198     0x2de0
                0x0000000008000198                . = ALIGN (0x4)
 *(.text)
 .text          0x0000000008000198       0x40 /opt/st/stm32cubeide_1.8.0/plugins/com.st.stm32cube.ide.mcu.externaltools.gnu-tools-for-stm32.9-2020-q2-update.linux64_2.0.0.202105311346/tools/bin/../lib/gcc/arm-none-eabi/9.3.1/thumb/v7e-m+fp/hard/crtbegin.o
 .text          0x00000000080001d8       0x30 /opt/st/stm32cubeide_1.8.0/plugins/com.st.stm32cube.ide.mcu.externaltools.gnu-tools-for-stm32.9-2020-q2-update.linux64_2.0.0.202105311346/tools/bin/../lib/gcc/arm-none-eabi/9.3.1/thumb/v7e-m+fp/hard/libgcc.a(_aeabi_uldivmod.o)
                0x00000000080001d8                __aeabi_uldivmod
 .text          0x0000000008000208      0x2c4 /opt/st/stm32cubeide_1.8.0/plugins/com.st.stm32cube.ide.mcu.externaltools.gnu-tools-for-stm32.9-2020-q2-update.linux64_2.0.0.202105311346/tools/bin/../lib/gcc/arm-none-eabi/9.3.1/thumb/v7e-m+fp/hard/libgcc.a(_udivmoddi4.o)
                0x0000000008000208                __udivmoddi4
 .text          0x00000000080004cc        0x4 /opt/st/stm32cubeide_1.8.0/plugins/com.st.stm32cube.ide.mcu.externaltools.gnu-tools-for-stm32.9-2020-q2-update.linux64_2.0.0.202105311346/tools/bin/../lib/gcc/arm-none-eabi/9.3.1/thumb/v7e-m+fp/hard/libgcc.a(_dvmd_tls.o)
                0x00000000080004cc                __aeabi_ldiv0
                0x00000000080004cc                __aeabi_idiv0
 *(.text*)
 .text.CS_Select
                0x00000000080004d0       0x18 ./Core/Src/NRF24L01.o
                0x00000000080004d0                CS_Select
 .text.CS_UnSelect
                0x00000000080004e8       0x18 ./Core/Src/NRF24L01.o
                0x00000000080004e8                CS_UnSelect
 .text.CE_Enable
                0x0000000008000500       0x18 ./Core/Src/NRF24L01.o
                0x0000000008000500                CE_Enable
 .text.CE_Disable
                0x0000000008000518       0x18 ./Core/Src/NRF24L01.o
                0x0000000008000518                CE_Disable
 .text.nrf24_WriteReg
                0x0000000008000530       0x44 ./Core/Src/NRF24L01.o
                0x0000000008000530                nrf24_WriteReg
 .text.nrf24_WriteRegMulti
                0x0000000008000574       0x4c ./Core/Src/NRF24L01.o
                0x0000000008000574                nrf24_WriteRegMulti
 .text.nrf24_ReadReg
                0x00000000080005c0       0x40 ./Core/Src/NRF24L01.o
                0x00000000080005c0                nrf24_ReadReg
 .text.nrfsendCmd
                0x0000000008000600       0x2c ./Core/Src/NRF24L01.o
                0x0000000008000600                nrfsendCmd
 .text.nrf24_reset
                0x000000000800062c      0x14c ./Core/Src/NRF24L01.o
                0x000000000800062c                nrf24_reset
 .text.NRF24_Init
                0x0000000008000778       0x4e ./Core/Src/NRF24L01.o
                0x0000000008000778                NRF24_Init
 .text.NRF24_TxMode
                0x00000000080007c6       0x4c ./Core/Src/NRF24L01.o
                0x00000000080007c6                NRF24_TxMode
 *fill*         0x0000000008000812        0x2 
 .text.NRF24_Transmit
                0x0000000008000814       0x7c ./Core/Src/NRF24L01.o
                0x0000000008000814                NRF24_Transmit
 .text.NRF24_RxMode
                0x0000000008000890       0x7e ./Core/Src/NRF24L01.o
                0x0000000008000890                NRF24_RxMode
 .text.isDataAvailable
                0x000000000800090e       0x3e ./Core/Src/NRF24L01.o
                0x000000000800090e                isDataAvailable
 .text.NRF24_Receive
                0x000000000800094c       0x54 ./Core/Src/NRF24L01.o
                0x000000000800094c                NRF24_Receive
 .text.main     0x00000000080009a0      0x11c ./Core/Src/main.o
                0x00000000080009a0                main
 .text.SystemClock_Config
                0x0000000008000abc       0xd4 ./Core/Src/main.o
                0x0000000008000abc                SystemClock_Config
 .text.MX_SPI3_Init
                0x0000000008000b90       0x6c ./Core/Src/main.o
 .text.MX_USART2_UART_Init
                0x0000000008000bfc       0x54 ./Core/Src/main.o
 .text.MX_GPIO_Init
                0x0000000008000c50       0xe0 ./Core/Src/main.o
 .text.userButtonActive
                0x0000000008000d30       0x44 ./Core/Src/main.o
                0x0000000008000d30                userButtonActive
 .text.Error_Handler
                0x0000000008000d74       0x18 ./Core/Src/main.o
                0x0000000008000d74                Error_Handler
 .text.HAL_MspInit
                0x0000000008000d8c       0x50 ./Core/Src/stm32f4xx_hal_msp.o
                0x0000000008000d8c                HAL_MspInit
 .text.HAL_SPI_MspInit
                0x0000000008000ddc       0xd4 ./Core/Src/stm32f4xx_hal_msp.o
                0x0000000008000ddc                HAL_SPI_MspInit
 .text.HAL_UART_MspInit
                0x0000000008000eb0       0x90 ./Core/Src/stm32f4xx_hal_msp.o
                0x0000000008000eb0                HAL_UART_MspInit
 .text.NMI_Handler
                0x0000000008000f40        0x6 ./Core/Src/stm32f4xx_it.o
                0x0000000008000f40                NMI_Handler
 .text.HardFault_Handler
                0x0000000008000f46        0x6 ./Core/Src/stm32f4xx_it.o
                0x0000000008000f46                HardFault_Handler
 .text.MemManage_Handler
                0x0000000008000f4c        0x6 ./Core/Src/stm32f4xx_it.o
                0x0000000008000f4c                MemManage_Handler
 .text.BusFault_Handler
                0x0000000008000f52        0x6 ./Core/Src/stm32f4xx_it.o
                0x0000000008000f52                BusFault_Handler
 .text.UsageFault_Handler
                0x0000000008000f58        0x6 ./Core/Src/stm32f4xx_it.o
                0x0000000008000f58                UsageFault_Handler
 .text.SVC_Handler
                0x0000000008000f5e        0xe ./Core/Src/stm32f4xx_it.o
                0x0000000008000f5e                SVC_Handler
 .text.DebugMon_Handler
                0x0000000008000f6c        0xe ./Core/Src/stm32f4xx_it.o
                0x0000000008000f6c                DebugMon_Handler
 .text.PendSV_Handler
                0x0000000008000f7a        0xe ./Core/Src/stm32f4xx_it.o
                0x0000000008000f7a                PendSV_Handler
 .text.SysTick_Handler
                0x0000000008000f88        0xc ./Core/Src/stm32f4xx_it.o
                0x0000000008000f88                SysTick_Handler
 .text.SystemInit
                0x0000000008000f94       0x24 ./Core/Src/system_stm32f4xx.o
                0x0000000008000f94                SystemInit
 .text.Reset_Handler
                0x0000000008000fb8       0x50 ./Core/Startup/startup_stm32f411retx.o
                0x0000000008000fb8                Reset_Handler
 .text.Default_Handler
                0x0000000008001008        0x2 ./Core/Startup/startup_stm32f411retx.o
                0x0000000008001008                RTC_Alarm_IRQHandler
                0x0000000008001008                EXTI2_IRQHandler
                0x0000000008001008                SPI4_IRQHandler
                0x0000000008001008                TIM1_CC_IRQHandler
                0x0000000008001008                DMA2_Stream5_IRQHandler
                0x0000000008001008                DMA1_Stream5_IRQHandler
                0x0000000008001008                PVD_IRQHandler
                0x0000000008001008                SDIO_IRQHandler
                0x0000000008001008                TAMP_STAMP_IRQHandler
                0x0000000008001008                EXTI3_IRQHandler
                0x0000000008001008                TIM1_UP_TIM10_IRQHandler
                0x0000000008001008                I2C3_ER_IRQHandler
                0x0000000008001008                EXTI0_IRQHandler
                0x0000000008001008                I2C2_EV_IRQHandler
                0x0000000008001008                DMA1_Stream2_IRQHandler
                0x0000000008001008                FPU_IRQHandler
                0x0000000008001008                DMA2_Stream2_IRQHandler
                0x0000000008001008                SPI1_IRQHandler
                0x0000000008001008                TIM1_BRK_TIM9_IRQHandler
                0x0000000008001008                DMA2_Stream3_IRQHandler
                0x0000000008001008                USART6_IRQHandler
                0x0000000008001008                DMA2_Stream0_IRQHandler
                0x0000000008001008                TIM4_IRQHandler
                0x0000000008001008                I2C1_EV_IRQHandler
                0x0000000008001008                DMA1_Stream6_IRQHandler
                0x0000000008001008                DMA1_Stream1_IRQHandler
                0x0000000008001008                TIM3_IRQHandler
                0x0000000008001008                RCC_IRQHandler
                0x0000000008001008                Default_Handler
                0x0000000008001008                EXTI15_10_IRQHandler
                0x0000000008001008                ADC_IRQHandler
                0x0000000008001008                DMA1_Stream7_IRQHandler
                0x0000000008001008                SPI5_IRQHandler
                0x0000000008001008                TIM5_IRQHandler
                0x0000000008001008                DMA2_Stream7_IRQHandler
                0x0000000008001008                I2C3_EV_IRQHandler
                0x0000000008001008                EXTI9_5_IRQHandler
                0x0000000008001008                RTC_WKUP_IRQHandler
                0x0000000008001008                SPI2_IRQHandler
                0x0000000008001008                DMA1_Stream0_IRQHandler
                0x0000000008001008                EXTI4_IRQHandler
                0x0000000008001008                WWDG_IRQHandler
                0x0000000008001008                TIM2_IRQHandler
                0x0000000008001008                OTG_FS_WKUP_IRQHandler
                0x0000000008001008                TIM1_TRG_COM_TIM11_IRQHandler
                0x0000000008001008                EXTI1_IRQHandler
                0x0000000008001008                USART2_IRQHandler
                0x0000000008001008                I2C2_ER_IRQHandler
                0x0000000008001008                DMA2_Stream1_IRQHandler
                0x0000000008001008                FLASH_IRQHandler
                0x0000000008001008                DMA2_Stream4_IRQHandler
                0x0000000008001008                USART1_IRQHandler
                0x0000000008001008                OTG_FS_IRQHandler
                0x0000000008001008                SPI3_IRQHandler
                0x0000000008001008                DMA1_Stream4_IRQHandler
                0x0000000008001008                I2C1_ER_IRQHandler
                0x0000000008001008                DMA2_Stream6_IRQHandler
                0x0000000008001008                DMA1_Stream3_IRQHandler
 *fill*         0x000000000800100a        0x2 
 .text.HAL_Init
                0x000000000800100c       0x44 ./Drivers/STM32F4xx_HAL_Driver/Src/stm32f4xx_hal.o
                0x000000000800100c                HAL_Init
 .text.HAL_InitTick
                0x0000000008001050       0x60 ./Drivers/STM32F4xx_HAL_Driver/Src/stm32f4xx_hal.o
                0x0000000008001050                HAL_InitTick
 .text.HAL_IncTick
                0x00000000080010b0       0x28 ./Drivers/STM32F4xx_HAL_Driver/Src/stm32f4xx_hal.o
                0x00000000080010b0                HAL_IncTick
 .text.HAL_GetTick
                0x00000000080010d8       0x18 ./Drivers/STM32F4xx_HAL_Driver/Src/stm32f4xx_hal.o
                0x00000000080010d8                HAL_GetTick
 .text.HAL_Delay
                0x00000000080010f0       0x48 ./Drivers/STM32F4xx_HAL_Driver/Src/stm32f4xx_hal.o
                0x00000000080010f0                HAL_Delay
 .text.__NVIC_SetPriorityGrouping
                0x0000000008001138       0x48 ./Drivers/STM32F4xx_HAL_Driver/Src/stm32f4xx_hal_cortex.o
 .text.__NVIC_GetPriorityGrouping
                0x0000000008001180       0x1c ./Drivers/STM32F4xx_HAL_Driver/Src/stm32f4xx_hal_cortex.o
 .text.__NVIC_SetPriority
                0x000000000800119c       0x54 ./Drivers/STM32F4xx_HAL_Driver/Src/stm32f4xx_hal_cortex.o
 .text.NVIC_EncodePriority
                0x00000000080011f0       0x66 ./Drivers/STM32F4xx_HAL_Driver/Src/stm32f4xx_hal_cortex.o
 *fill*         0x0000000008001256        0x2 
 .text.SysTick_Config
                0x0000000008001258       0x44 ./Drivers/STM32F4xx_HAL_Driver/Src/stm32f4xx_hal_cortex.o
 .text.HAL_NVIC_SetPriorityGrouping
                0x000000000800129c       0x16 ./Drivers/STM32F4xx_HAL_Driver/Src/stm32f4xx_hal_cortex.o
                0x000000000800129c                HAL_NVIC_SetPriorityGrouping
 .text.HAL_NVIC_SetPriority
                0x00000000080012b2       0x38 ./Drivers/STM32F4xx_HAL_Driver/Src/stm32f4xx_hal_cortex.o
                0x00000000080012b2                HAL_NVIC_SetPriority
 .text.HAL_SYSTICK_Config
                0x00000000080012ea       0x18 ./Drivers/STM32F4xx_HAL_Driver/Src/stm32f4xx_hal_cortex.o
                0x00000000080012ea                HAL_SYSTICK_Config
 *fill*         0x0000000008001302        0x2 
 .text.HAL_GPIO_Init
                0x0000000008001304      0x308 ./Drivers/STM32F4xx_HAL_Driver/Src/stm32f4xx_hal_gpio.o
                0x0000000008001304                HAL_GPIO_Init
 .text.HAL_GPIO_ReadPin
                0x000000000800160c       0x30 ./Drivers/STM32F4xx_HAL_Driver/Src/stm32f4xx_hal_gpio.o
                0x000000000800160c                HAL_GPIO_ReadPin
 .text.HAL_GPIO_WritePin
                0x000000000800163c       0x32 ./Drivers/STM32F4xx_HAL_Driver/Src/stm32f4xx_hal_gpio.o
                0x000000000800163c                HAL_GPIO_WritePin
 .text.HAL_GPIO_TogglePin
                0x000000000800166e       0x34 ./Drivers/STM32F4xx_HAL_Driver/Src/stm32f4xx_hal_gpio.o
                0x000000000800166e                HAL_GPIO_TogglePin
 *fill*         0x00000000080016a2        0x2 
 .text.HAL_RCC_OscConfig
                0x00000000080016a4      0x4f0 ./Drivers/STM32F4xx_HAL_Driver/Src/stm32f4xx_hal_rcc.o
                0x00000000080016a4                HAL_RCC_OscConfig
 .text.HAL_RCC_ClockConfig
                0x0000000008001b94      0x1cc ./Drivers/STM32F4xx_HAL_Driver/Src/stm32f4xx_hal_rcc.o
                0x0000000008001b94                HAL_RCC_ClockConfig
 .text.HAL_RCC_GetSysClockFreq
                0x0000000008001d60      0x1c4 ./Drivers/STM32F4xx_HAL_Driver/Src/stm32f4xx_hal_rcc.o
                0x0000000008001d60                HAL_RCC_GetSysClockFreq
 .text.HAL_RCC_GetHCLKFreq
                0x0000000008001f24       0x18 ./Drivers/STM32F4xx_HAL_Driver/Src/stm32f4xx_hal_rcc.o
                0x0000000008001f24                HAL_RCC_GetHCLKFreq
 .text.HAL_RCC_GetPCLK1Freq
                0x0000000008001f3c       0x28 ./Drivers/STM32F4xx_HAL_Driver/Src/stm32f4xx_hal_rcc.o
                0x0000000008001f3c                HAL_RCC_GetPCLK1Freq
 .text.HAL_RCC_GetPCLK2Freq
                0x0000000008001f64       0x28 ./Drivers/STM32F4xx_HAL_Driver/Src/stm32f4xx_hal_rcc.o
                0x0000000008001f64                HAL_RCC_GetPCLK2Freq
 .text.HAL_SPI_Init
                0x0000000008001f8c      0x112 ./Drivers/STM32F4xx_HAL_Driver/Src/stm32f4xx_hal_spi.o
                0x0000000008001f8c                HAL_SPI_Init
 .text.HAL_SPI_Transmit
                0x000000000800209e      0x278 ./Drivers/STM32F4xx_HAL_Driver/Src/stm32f4xx_hal_spi.o
                0x000000000800209e                HAL_SPI_Transmit
 .text.HAL_SPI_Receive
                0x0000000008002316      0x222 ./Drivers/STM32F4xx_HAL_Driver/Src/stm32f4xx_hal_spi.o
                0x0000000008002316                HAL_SPI_Receive
 .text.HAL_SPI_TransmitReceive
                0x0000000008002538      0x344 ./Drivers/STM32F4xx_HAL_Driver/Src/stm32f4xx_hal_spi.o
                0x0000000008002538                HAL_SPI_TransmitReceive
 .text.SPI_WaitFlagStateUntilTimeout
                0x000000000800287c      0x110 ./Drivers/STM32F4xx_HAL_Driver/Src/stm32f4xx_hal_spi.o
 .text.SPI_EndRxTransaction
                0x000000000800298c       0xca ./Drivers/STM32F4xx_HAL_Driver/Src/stm32f4xx_hal_spi.o
 *fill*         0x0000000008002a56        0x2 
 .text.SPI_EndRxTxTransaction
                0x0000000008002a58       0x84 ./Drivers/STM32F4xx_HAL_Driver/Src/stm32f4xx_hal_spi.o
 .text.HAL_UART_Init
                0x0000000008002adc       0x9a ./Drivers/STM32F4xx_HAL_Driver/Src/stm32f4xx_hal_uart.o
                0x0000000008002adc                HAL_UART_Init
 *fill*         0x0000000008002b76        0x2 
 .text.UART_SetConfig
                0x0000000008002b78      0x390 ./Drivers/STM32F4xx_HAL_Driver/Src/stm32f4xx_hal_uart.o
 .text.__libc_init_array
                0x0000000008002f08       0x48 /opt/st/stm32cubeide_1.8.0/plugins/com.st.stm32cube.ide.mcu.externaltools.gnu-tools-for-stm32.9-2020-q2-update.linux64_2.0.0.202105311346/tools/bin/../lib/gcc/arm-none-eabi/9.3.1/../../../../arm-none-eabi/lib/thumb/v7e-m+fp/hard/libc_nano.a(lib_a-init.o)
                0x0000000008002f08                __libc_init_array
 .text.memset   0x0000000008002f50       0x10 /opt/st/stm32cubeide_1.8.0/plugins/com.st.stm32cube.ide.mcu.externaltools.gnu-tools-for-stm32.9-2020-q2-update.linux64_2.0.0.202105311346/tools/bin/../lib/gcc/arm-none-eabi/9.3.1/../../../../arm-none-eabi/lib/thumb/v7e-m+fp/hard/libc_nano.a(lib_a-memset.o)
                0x0000000008002f50                memset
 *(.glue_7)
 .glue_7        0x0000000008002f60        0x0 linker stubs
 *(.glue_7t)
 .glue_7t       0x0000000008002f60        0x0 linker stubs
 *(.eh_frame)
 .eh_frame      0x0000000008002f60        0x0 /opt/st/stm32cubeide_1.8.0/plugins/com.st.stm32cube.ide.mcu.externaltools.gnu-tools-for-stm32.9-2020-q2-update.linux64_2.0.0.202105311346/tools/bin/../lib/gcc/arm-none-eabi/9.3.1/thumb/v7e-m+fp/hard/crtbegin.o
 *(.init)
 .init          0x0000000008002f60        0x4 /opt/st/stm32cubeide_1.8.0/plugins/com.st.stm32cube.ide.mcu.externaltools.gnu-tools-for-stm32.9-2020-q2-update.linux64_2.0.0.202105311346/tools/bin/../lib/gcc/arm-none-eabi/9.3.1/thumb/v7e-m+fp/hard/crti.o
                0x0000000008002f60                _init
 .init          0x0000000008002f64        0x8 /opt/st/stm32cubeide_1.8.0/plugins/com.st.stm32cube.ide.mcu.externaltools.gnu-tools-for-stm32.9-2020-q2-update.linux64_2.0.0.202105311346/tools/bin/../lib/gcc/arm-none-eabi/9.3.1/thumb/v7e-m+fp/hard/crtn.o
 *(.fini)
 .fini          0x0000000008002f6c        0x4 /opt/st/stm32cubeide_1.8.0/plugins/com.st.stm32cube.ide.mcu.externaltools.gnu-tools-for-stm32.9-2020-q2-update.linux64_2.0.0.202105311346/tools/bin/../lib/gcc/arm-none-eabi/9.3.1/thumb/v7e-m+fp/hard/crti.o
                0x0000000008002f6c                _fini
 .fini          0x0000000008002f70        0x8 /opt/st/stm32cubeide_1.8.0/plugins/com.st.stm32cube.ide.mcu.externaltools.gnu-tools-for-stm32.9-2020-q2-update.linux64_2.0.0.202105311346/tools/bin/../lib/gcc/arm-none-eabi/9.3.1/thumb/v7e-m+fp/hard/crtn.o
                0x0000000008002f78                . = ALIGN (0x4)
                0x0000000008002f78                _etext = .

.vfp11_veneer   0x0000000008002f78        0x0
 .vfp11_veneer  0x0000000008002f78        0x0 linker stubs

.v4_bx          0x0000000008002f78        0x0
 .v4_bx         0x0000000008002f78        0x0 linker stubs

.iplt           0x0000000008002f78        0x0
 .iplt          0x0000000008002f78        0x0 /opt/st/stm32cubeide_1.8.0/plugins/com.st.stm32cube.ide.mcu.externaltools.gnu-tools-for-stm32.9-2020-q2-update.linux64_2.0.0.202105311346/tools/bin/../lib/gcc/arm-none-eabi/9.3.1/thumb/v7e-m+fp/hard/crtbegin.o

.rodata         0x0000000008002f78       0x4c
                0x0000000008002f78                . = ALIGN (0x4)
 *(.rodata)
 .rodata        0x0000000008002f78        0xd ./Core/Src/NRF24L01.o
 *fill*         0x0000000008002f85        0x3 
 .rodata        0x0000000008002f88       0x21 ./Core/Src/main.o
 *(.rodata*)
 *fill*         0x0000000008002fa9        0x3 
 .rodata.AHBPrescTable
                0x0000000008002fac       0x10 ./Core/Src/system_stm32f4xx.o
                0x0000000008002fac                AHBPrescTable
 .rodata.APBPrescTable
                0x0000000008002fbc        0x8 ./Core/Src/system_stm32f4xx.o
                0x0000000008002fbc                APBPrescTable
                0x0000000008002fc4                . = ALIGN (0x4)

.ARM.extab      0x0000000008002fc4        0x0
                0x0000000008002fc4                . = ALIGN (0x4)
 *(.ARM.extab* .gnu.linkonce.armextab.*)
                0x0000000008002fc4                . = ALIGN (0x4)

.ARM            0x0000000008002fc4        0x8
                0x0000000008002fc4                . = ALIGN (0x4)
                0x0000000008002fc4                __exidx_start = .
 *(.ARM.exidx*)
 .ARM.exidx     0x0000000008002fc4        0x8 /opt/st/stm32cubeide_1.8.0/plugins/com.st.stm32cube.ide.mcu.externaltools.gnu-tools-for-stm32.9-2020-q2-update.linux64_2.0.0.202105311346/tools/bin/../lib/gcc/arm-none-eabi/9.3.1/thumb/v7e-m+fp/hard/libgcc.a(_udivmoddi4.o)
                0x0000000008002fcc                __exidx_end = .
                0x0000000008002fcc                . = ALIGN (0x4)

.rel.dyn        0x0000000008002fcc        0x0
 .rel.iplt      0x0000000008002fcc        0x0 /opt/st/stm32cubeide_1.8.0/plugins/com.st.stm32cube.ide.mcu.externaltools.gnu-tools-for-stm32.9-2020-q2-update.linux64_2.0.0.202105311346/tools/bin/../lib/gcc/arm-none-eabi/9.3.1/thumb/v7e-m+fp/hard/crtbegin.o

.preinit_array  0x0000000008002fcc        0x0
                0x0000000008002fcc                . = ALIGN (0x4)
                0x0000000008002fcc                PROVIDE (__preinit_array_start = .)
 *(.preinit_array*)
                0x0000000008002fcc                PROVIDE (__preinit_array_end = .)
                0x0000000008002fcc                . = ALIGN (0x4)

.init_array     0x0000000008002fcc        0x4
                0x0000000008002fcc                . = ALIGN (0x4)
                0x0000000008002fcc                PROVIDE (__init_array_start = .)
 *(SORT_BY_NAME(.init_array.*))
 *(.init_array*)
 .init_array    0x0000000008002fcc        0x4 /opt/st/stm32cubeide_1.8.0/plugins/com.st.stm32cube.ide.mcu.externaltools.gnu-tools-for-stm32.9-2020-q2-update.linux64_2.0.0.202105311346/tools/bin/../lib/gcc/arm-none-eabi/9.3.1/thumb/v7e-m+fp/hard/crtbegin.o
                0x0000000008002fd0                PROVIDE (__init_array_end = .)
                0x0000000008002fd0                . = ALIGN (0x4)

.fini_array     0x0000000008002fd0        0x4
                0x0000000008002fd0                . = ALIGN (0x4)
                [!provide]                        PROVIDE (__fini_array_start = .)
 *(SORT_BY_NAME(.fini_array.*))
 *(.fini_array*)
 .fini_array    0x0000000008002fd0        0x4 /opt/st/stm32cubeide_1.8.0/plugins/com.st.stm32cube.ide.mcu.externaltools.gnu-tools-for-stm32.9-2020-q2-update.linux64_2.0.0.202105311346/tools/bin/../lib/gcc/arm-none-eabi/9.3.1/thumb/v7e-m+fp/hard/crtbegin.o
                [!provide]                        PROVIDE (__fini_array_end = .)
                0x0000000008002fd4                . = ALIGN (0x4)
                0x0000000008002fd4                _sidata = LOADADDR (.data)

.data           0x0000000020000000       0x1c load address 0x0000000008002fd4
                0x0000000020000000                . = ALIGN (0x4)
                0x0000000020000000                _sdata = .
 *(.data)
 *(.data*)
 .data.RxAddress
                0x0000000020000000        0x5 ./Core/Src/main.o
                0x0000000020000000                RxAddress
 *fill*         0x0000000020000005        0x3 
 .data.TxAddress
                0x0000000020000008        0x5 ./Core/Src/main.o
                0x0000000020000008                TxAddress
 *fill*         0x000000002000000d        0x3 
 .data.SystemCoreClock
                0x0000000020000010        0x4 ./Core/Src/system_stm32f4xx.o
                0x0000000020000010                SystemCoreClock
 .data.uwTickPrio
                0x0000000020000014        0x4 ./Drivers/STM32F4xx_HAL_Driver/Src/stm32f4xx_hal.o
                0x0000000020000014                uwTickPrio
 .data.uwTickFreq
                0x0000000020000018        0x1 ./Drivers/STM32F4xx_HAL_Driver/Src/stm32f4xx_hal.o
                0x0000000020000018                uwTickFreq
 *(.RamFunc)
 *(.RamFunc*)
                0x000000002000001c                . = ALIGN (0x4)
 *fill*         0x0000000020000019        0x3 
                0x000000002000001c                _edata = .

.igot.plt       0x000000002000001c        0x0 load address 0x0000000008002ff0
 .igot.plt      0x000000002000001c        0x0 /opt/st/stm32cubeide_1.8.0/plugins/com.st.stm32cube.ide.mcu.externaltools.gnu-tools-for-stm32.9-2020-q2-update.linux64_2.0.0.202105311346/tools/bin/../lib/gcc/arm-none-eabi/9.3.1/thumb/v7e-m+fp/hard/crtbegin.o
                0x000000002000001c                . = ALIGN (0x4)

.bss            0x000000002000001c      0x100 load address 0x0000000008002ff0
                0x000000002000001c                _sbss = .
                0x000000002000001c                __bss_start__ = _sbss
 *(.bss)
 .bss           0x000000002000001c       0x1c /opt/st/stm32cubeide_1.8.0/plugins/com.st.stm32cube.ide.mcu.externaltools.gnu-tools-for-stm32.9-2020-q2-update.linux64_2.0.0.202105311346/tools/bin/../lib/gcc/arm-none-eabi/9.3.1/thumb/v7e-m+fp/hard/crtbegin.o
 *(.bss*)
 .bss.uButtonFlag
                0x0000000020000038        0x1 ./Core/Src/main.o
                0x0000000020000038                uButtonFlag
 *(COMMON)
 *fill*         0x0000000020000039        0x3 
 COMMON         0x000000002000003c       0xdc ./Core/Src/main.o
                0x000000002000003c                txData
                0x000000002000005c                hspi3
                0x00000000200000b4                RxData
                0x00000000200000d4                huart2
 COMMON         0x0000000020000118        0x4 ./Drivers/STM32F4xx_HAL_Driver/Src/stm32f4xx_hal.o
                0x0000000020000118                uwTick
                0x000000002000011c                . = ALIGN (0x4)
                0x000000002000011c                _ebss = .
                0x000000002000011c                __bss_end__ = _ebss

._user_heap_stack
                0x000000002000011c      0x604 load address 0x0000000008002ff0
                0x0000000020000120                . = ALIGN (0x8)
 *fill*         0x000000002000011c        0x4 
                [!provide]                        PROVIDE (end = .)
                0x0000000020000120                PROVIDE (_end = .)
                0x0000000020000320                . = (. + _Min_Heap_Size)
 *fill*         0x0000000020000120      0x200 
                0x0000000020000720                . = (. + _Min_Stack_Size)
 *fill*         0x0000000020000320      0x400 
                0x0000000020000720                . = ALIGN (0x8)

/DISCARD/
 libc.a(*)
 libm.a(*)
 libgcc.a(*)

.ARM.attributes
                0x0000000000000000       0x30
 *(.ARM.attributes)
 .ARM.attributes
                0x0000000000000000       0x1e /opt/st/stm32cubeide_1.8.0/plugins/com.st.stm32cube.ide.mcu.externaltools.gnu-tools-for-stm32.9-2020-q2-update.linux64_2.0.0.202105311346/tools/bin/../lib/gcc/arm-none-eabi/9.3.1/thumb/v7e-m+fp/hard/crti.o
 .ARM.attributes
                0x000000000000001e       0x34 /opt/st/stm32cubeide_1.8.0/plugins/com.st.stm32cube.ide.mcu.externaltools.gnu-tools-for-stm32.9-2020-q2-update.linux64_2.0.0.202105311346/tools/bin/../lib/gcc/arm-none-eabi/9.3.1/thumb/v7e-m+fp/hard/crtbegin.o
 .ARM.attributes
                0x0000000000000052       0x34 ./Core/Src/NRF24L01.o
 .ARM.attributes
                0x0000000000000086       0x34 ./Core/Src/main.o
 .ARM.attributes
                0x00000000000000ba       0x34 ./Core/Src/stm32f4xx_hal_msp.o
 .ARM.attributes
                0x00000000000000ee       0x34 ./Core/Src/stm32f4xx_it.o
 .ARM.attributes
                0x0000000000000122       0x34 ./Core/Src/system_stm32f4xx.o
 .ARM.attributes
                0x0000000000000156       0x21 ./Core/Startup/startup_stm32f411retx.o
 .ARM.attributes
                0x0000000000000177       0x34 ./Drivers/STM32F4xx_HAL_Driver/Src/stm32f4xx_hal.o
 .ARM.attributes
                0x00000000000001ab       0x34 ./Drivers/STM32F4xx_HAL_Driver/Src/stm32f4xx_hal_cortex.o
 .ARM.attributes
                0x00000000000001df       0x34 ./Drivers/STM32F4xx_HAL_Driver/Src/stm32f4xx_hal_gpio.o
 .ARM.attributes
                0x0000000000000213       0x34 ./Drivers/STM32F4xx_HAL_Driver/Src/stm32f4xx_hal_rcc.o
 .ARM.attributes
                0x0000000000000247       0x34 ./Drivers/STM32F4xx_HAL_Driver/Src/stm32f4xx_hal_spi.o
 .ARM.attributes
                0x000000000000027b       0x34 ./Drivers/STM32F4xx_HAL_Driver/Src/stm32f4xx_hal_uart.o
 .ARM.attributes
                0x00000000000002af       0x34 /opt/st/stm32cubeide_1.8.0/plugins/com.st.stm32cube.ide.mcu.externaltools.gnu-tools-for-stm32.9-2020-q2-update.linux64_2.0.0.202105311346/tools/bin/../lib/gcc/arm-none-eabi/9.3.1/../../../../arm-none-eabi/lib/thumb/v7e-m+fp/hard/libc_nano.a(lib_a-init.o)
 .ARM.attributes
                0x00000000000002e3       0x34 /opt/st/stm32cubeide_1.8.0/plugins/com.st.stm32cube.ide.mcu.externaltools.gnu-tools-for-stm32.9-2020-q2-update.linux64_2.0.0.202105311346/tools/bin/../lib/gcc/arm-none-eabi/9.3.1/../../../../arm-none-eabi/lib/thumb/v7e-m+fp/hard/libc_nano.a(lib_a-memset.o)
 .ARM.attributes
                0x0000000000000317       0x1e /opt/st/stm32cubeide_1.8.0/plugins/com.st.stm32cube.ide.mcu.externaltools.gnu-tools-for-stm32.9-2020-q2-update.linux64_2.0.0.202105311346/tools/bin/../lib/gcc/arm-none-eabi/9.3.1/thumb/v7e-m+fp/hard/libgcc.a(_aeabi_uldivmod.o)
 .ARM.attributes
                0x0000000000000335       0x34 /opt/st/stm32cubeide_1.8.0/plugins/com.st.stm32cube.ide.mcu.externaltools.gnu-tools-for-stm32.9-2020-q2-update.linux64_2.0.0.202105311346/tools/bin/../lib/gcc/arm-none-eabi/9.3.1/thumb/v7e-m+fp/hard/libgcc.a(_udivmoddi4.o)
 .ARM.attributes
                0x0000000000000369       0x1e /opt/st/stm32cubeide_1.8.0/plugins/com.st.stm32cube.ide.mcu.externaltools.gnu-tools-for-stm32.9-2020-q2-update.linux64_2.0.0.202105311346/tools/bin/../lib/gcc/arm-none-eabi/9.3.1/thumb/v7e-m+fp/hard/libgcc.a(_dvmd_tls.o)
 .ARM.attributes
                0x0000000000000387       0x1e /opt/st/stm32cubeide_1.8.0/plugins/com.st.stm32cube.ide.mcu.externaltools.gnu-tools-for-stm32.9-2020-q2-update.linux64_2.0.0.202105311346/tools/bin/../lib/gcc/arm-none-eabi/9.3.1/thumb/v7e-m+fp/hard/crtn.o
OUTPUT(button_demo_trx.elf elf32-littlearm)
LOAD linker stubs
LOAD /opt/st/stm32cubeide_1.8.0/plugins/com.st.stm32cube.ide.mcu.externaltools.gnu-tools-for-stm32.9-2020-q2-update.linux64_2.0.0.202105311346/tools/bin/../lib/gcc/arm-none-eabi/9.3.1/../../../../arm-none-eabi/lib/thumb/v7e-m+fp/hard/libc.a
LOAD /opt/st/stm32cubeide_1.8.0/plugins/com.st.stm32cube.ide.mcu.externaltools.gnu-tools-for-stm32.9-2020-q2-update.linux64_2.0.0.202105311346/tools/bin/../lib/gcc/arm-none-eabi/9.3.1/../../../../arm-none-eabi/lib/thumb/v7e-m+fp/hard/libm.a
LOAD /opt/st/stm32cubeide_1.8.0/plugins/com.st.stm32cube.ide.mcu.externaltools.gnu-tools-for-stm32.9-2020-q2-update.linux64_2.0.0.202105311346/tools/bin/../lib/gcc/arm-none-eabi/9.3.1/thumb/v7e-m+fp/hard/libgcc.a

.debug_info     0x0000000000000000     0xb53e
 .debug_info    0x0000000000000000     0x13d2 ./Core/Src/NRF24L01.o
 .debug_info    0x00000000000013d2     0x18ca ./Core/Src/main.o
 .debug_info    0x0000000000002c9c      0xd55 ./Core/Src/stm32f4xx_hal_msp.o
 .debug_info    0x00000000000039f1      0x222 ./Core/Src/stm32f4xx_it.o
 .debug_info    0x0000000000003c13      0x5d0 ./Core/Src/system_stm32f4xx.o
 .debug_info    0x00000000000041e3       0x22 ./Core/Startup/startup_stm32f411retx.o
 .debug_info    0x0000000000004205      0x944 ./Drivers/STM32F4xx_HAL_Driver/Src/stm32f4xx_hal.o
 .debug_info    0x0000000000004b49      0xe47 ./Drivers/STM32F4xx_HAL_Driver/Src/stm32f4xx_hal_cortex.o
 .debug_info    0x0000000000005990      0x862 ./Drivers/STM32F4xx_HAL_Driver/Src/stm32f4xx_hal_gpio.o
 .debug_info    0x00000000000061f2      0x9be ./Drivers/STM32F4xx_HAL_Driver/Src/stm32f4xx_hal_rcc.o
 .debug_info    0x0000000000006bb0     0x17b8 ./Drivers/STM32F4xx_HAL_Driver/Src/stm32f4xx_hal_spi.o
 .debug_info    0x0000000000008368     0x31d6 ./Drivers/STM32F4xx_HAL_Driver/Src/stm32f4xx_hal_uart.o

.debug_abbrev   0x0000000000000000     0x1892
 .debug_abbrev  0x0000000000000000      0x2c5 ./Core/Src/NRF24L01.o
 .debug_abbrev  0x00000000000002c5      0x2ce ./Core/Src/main.o
 .debug_abbrev  0x0000000000000593      0x1ac ./Core/Src/stm32f4xx_hal_msp.o
 .debug_abbrev  0x000000000000073f       0xd2 ./Core/Src/stm32f4xx_it.o
 .debug_abbrev  0x0000000000000811      0x145 ./Core/Src/system_stm32f4xx.o
 .debug_abbrev  0x0000000000000956       0x12 ./Core/Startup/startup_stm32f411retx.o
 .debug_abbrev  0x0000000000000968      0x21e ./Drivers/STM32F4xx_HAL_Driver/Src/stm32f4xx_hal.o
 .debug_abbrev  0x0000000000000b86      0x33c ./Drivers/STM32F4xx_HAL_Driver/Src/stm32f4xx_hal_cortex.o
 .debug_abbrev  0x0000000000000ec2      0x1f1 ./Drivers/STM32F4xx_HAL_Driver/Src/stm32f4xx_hal_gpio.o
 .debug_abbrev  0x00000000000010b3      0x275 ./Drivers/STM32F4xx_HAL_Driver/Src/stm32f4xx_hal_rcc.o
 .debug_abbrev  0x0000000000001328      0x26e ./Drivers/STM32F4xx_HAL_Driver/Src/stm32f4xx_hal_spi.o
 .debug_abbrev  0x0000000000001596      0x2fc ./Drivers/STM32F4xx_HAL_Driver/Src/stm32f4xx_hal_uart.o

.debug_aranges  0x0000000000000000      0x898
 .debug_aranges
                0x0000000000000000       0xa0 ./Core/Src/NRF24L01.o
 .debug_aranges
                0x00000000000000a0       0x50 ./Core/Src/main.o
 .debug_aranges
                0x00000000000000f0       0x40 ./Core/Src/stm32f4xx_hal_msp.o
 .debug_aranges
                0x0000000000000130       0x60 ./Core/Src/stm32f4xx_it.o
 .debug_aranges
                0x0000000000000190       0x28 ./Core/Src/system_stm32f4xx.o
 .debug_aranges
                0x00000000000001b8       0x28 ./Core/Startup/startup_stm32f411retx.o
 .debug_aranges
                0x00000000000001e0       0xf0 ./Drivers/STM32F4xx_HAL_Driver/Src/stm32f4xx_hal.o
 .debug_aranges
                0x00000000000002d0      0x118 ./Drivers/STM32F4xx_HAL_Driver/Src/stm32f4xx_hal_cortex.o
 .debug_aranges
                0x00000000000003e8       0x58 ./Drivers/STM32F4xx_HAL_Driver/Src/stm32f4xx_hal_gpio.o
 .debug_aranges
                0x0000000000000440       0x88 ./Drivers/STM32F4xx_HAL_Driver/Src/stm32f4xx_hal_rcc.o
 .debug_aranges
                0x00000000000004c8      0x1d0 ./Drivers/STM32F4xx_HAL_Driver/Src/stm32f4xx_hal_spi.o
 .debug_aranges
                0x0000000000000698      0x200 ./Drivers/STM32F4xx_HAL_Driver/Src/stm32f4xx_hal_uart.o

.debug_ranges   0x0000000000000000      0x810
 .debug_ranges  0x0000000000000000       0x90 ./Core/Src/NRF24L01.o
 .debug_ranges  0x0000000000000090       0x40 ./Core/Src/main.o
 .debug_ranges  0x00000000000000d0       0x30 ./Core/Src/stm32f4xx_hal_msp.o
 .debug_ranges  0x0000000000000100       0x50 ./Core/Src/stm32f4xx_it.o
 .debug_ranges  0x0000000000000150       0x18 ./Core/Src/system_stm32f4xx.o
 .debug_ranges  0x0000000000000168       0x20 ./Core/Startup/startup_stm32f411retx.o
 .debug_ranges  0x0000000000000188       0xe0 ./Drivers/STM32F4xx_HAL_Driver/Src/stm32f4xx_hal.o
 .debug_ranges  0x0000000000000268      0x108 ./Drivers/STM32F4xx_HAL_Driver/Src/stm32f4xx_hal_cortex.o
 .debug_ranges  0x0000000000000370       0x48 ./Drivers/STM32F4xx_HAL_Driver/Src/stm32f4xx_hal_gpio.o
 .debug_ranges  0x00000000000003b8       0x78 ./Drivers/STM32F4xx_HAL_Driver/Src/stm32f4xx_hal_rcc.o
 .debug_ranges  0x0000000000000430      0x1c0 ./Drivers/STM32F4xx_HAL_Driver/Src/stm32f4xx_hal_spi.o
 .debug_ranges  0x00000000000005f0      0x220 ./Drivers/STM32F4xx_HAL_Driver/Src/stm32f4xx_hal_uart.o

.debug_macro    0x0000000000000000    0x16466
 .debug_macro   0x0000000000000000      0x344 ./Core/Src/NRF24L01.o
 .debug_macro   0x0000000000000344      0xaa8 ./Core/Src/NRF24L01.o
 .debug_macro   0x0000000000000dec       0x22 ./Core/Src/NRF24L01.o
 .debug_macro   0x0000000000000e0e       0x4c ./Core/Src/NRF24L01.o
 .debug_macro   0x0000000000000e5a       0x18 ./Core/Src/NRF24L01.o
 .debug_macro   0x0000000000000e72       0x94 ./Core/Src/NRF24L01.o
 .debug_macro   0x0000000000000f06       0x3c ./Core/Src/NRF24L01.o
 .debug_macro   0x0000000000000f42       0x34 ./Core/Src/NRF24L01.o
 .debug_macro   0x0000000000000f76       0x16 ./Core/Src/NRF24L01.o
 .debug_macro   0x0000000000000f8c       0x57 ./Core/Src/NRF24L01.o
 .debug_macro   0x0000000000000fe3       0x97 ./Core/Src/NRF24L01.o
 .debug_macro   0x000000000000107a      0x339 ./Core/Src/NRF24L01.o
 .debug_macro   0x00000000000013b3       0xfd ./Core/Src/NRF24L01.o
 .debug_macro   0x00000000000014b0       0x10 ./Core/Src/NRF24L01.o
 .debug_macro   0x00000000000014c0       0x16 ./Core/Src/NRF24L01.o
 .debug_macro   0x00000000000014d6       0x43 ./Core/Src/NRF24L01.o
 .debug_macro   0x0000000000001519       0x34 ./Core/Src/NRF24L01.o
 .debug_macro   0x000000000000154d       0x10 ./Core/Src/NRF24L01.o
 .debug_macro   0x000000000000155d       0x58 ./Core/Src/NRF24L01.o
 .debug_macro   0x00000000000015b5       0x71 ./Core/Src/NRF24L01.o
 .debug_macro   0x0000000000001626       0x1c ./Core/Src/NRF24L01.o
 .debug_macro   0x0000000000001642      0x12a ./Core/Src/NRF24L01.o
 .debug_macro   0x000000000000176c       0x10 ./Core/Src/NRF24L01.o
 .debug_macro   0x000000000000177c       0x6a ./Core/Src/NRF24L01.o
 .debug_macro   0x00000000000017e6       0x1c ./Core/Src/NRF24L01.o
 .debug_macro   0x0000000000001802       0x52 ./Core/Src/NRF24L01.o
 .debug_macro   0x0000000000001854       0x22 ./Core/Src/NRF24L01.o
 .debug_macro   0x0000000000001876       0x10 ./Core/Src/NRF24L01.o
 .debug_macro   0x0000000000001886       0x40 ./Core/Src/NRF24L01.o
 .debug_macro   0x00000000000018c6       0xd5 ./Core/Src/NRF24L01.o
 .debug_macro   0x000000000000199b       0x1c ./Core/Src/NRF24L01.o
 .debug_macro   0x00000000000019b7       0x3d ./Core/Src/NRF24L01.o
 .debug_macro   0x00000000000019f4       0x16 ./Core/Src/NRF24L01.o
 .debug_macro   0x0000000000001a0a      0x145 ./Core/Src/NRF24L01.o
 .debug_macro   0x0000000000001b4f       0xee ./Core/Src/NRF24L01.o
 .debug_macro   0x0000000000001c3d      0x29b ./Core/Src/NRF24L01.o
 .debug_macro   0x0000000000001ed8       0x2e ./Core/Src/NRF24L01.o
 .debug_macro   0x0000000000001f06       0x28 ./Core/Src/NRF24L01.o
 .debug_macro   0x0000000000001f2e      0x103 ./Core/Src/NRF24L01.o
 .debug_macro   0x0000000000002031      0x1df ./Core/Src/NRF24L01.o
 .debug_macro   0x0000000000002210       0x1c ./Core/Src/NRF24L01.o
 .debug_macro   0x000000000000222c       0x22 ./Core/Src/NRF24L01.o
 .debug_macro   0x000000000000224e       0xd9 ./Core/Src/NRF24L01.o
 .debug_macro   0x0000000000002327     0x102d ./Core/Src/NRF24L01.o
 .debug_macro   0x0000000000003354      0x11f ./Core/Src/NRF24L01.o
 .debug_macro   0x0000000000003473     0xb953 ./Core/Src/NRF24L01.o
 .debug_macro   0x000000000000edc6       0x6d ./Core/Src/NRF24L01.o
 .debug_macro   0x000000000000ee33     0x3666 ./Core/Src/NRF24L01.o
 .debug_macro   0x0000000000012499       0x56 ./Core/Src/NRF24L01.o
 .debug_macro   0x00000000000124ef      0x447 ./Core/Src/NRF24L01.o
 .debug_macro   0x0000000000012936      0x9fe ./Core/Src/NRF24L01.o
 .debug_macro   0x0000000000013334      0x116 ./Core/Src/NRF24L01.o
 .debug_macro   0x000000000001344a      0x11b ./Core/Src/NRF24L01.o
 .debug_macro   0x0000000000013565       0xa5 ./Core/Src/NRF24L01.o
 .debug_macro   0x000000000001360a      0x15f ./Core/Src/NRF24L01.o
 .debug_macro   0x0000000000013769      0x287 ./Core/Src/NRF24L01.o
 .debug_macro   0x00000000000139f0       0x5f ./Core/Src/NRF24L01.o
 .debug_macro   0x0000000000013a4f      0x236 ./Core/Src/NRF24L01.o
 .debug_macro   0x0000000000013c85      0x132 ./Core/Src/NRF24L01.o
 .debug_macro   0x0000000000013db7      0x264 ./Core/Src/NRF24L01.o
 .debug_macro   0x000000000001401b       0x2e ./Core/Src/NRF24L01.o
 .debug_macro   0x0000000000014049      0x11a ./Core/Src/NRF24L01.o
 .debug_macro   0x0000000000014163       0x85 ./Core/Src/NRF24L01.o
 .debug_macro   0x00000000000141e8       0x89 ./Core/Src/NRF24L01.o
 .debug_macro   0x0000000000014271      0x225 ./Core/Src/NRF24L01.o
 .debug_macro   0x0000000000014496      0x295 ./Core/Src/NRF24L01.o
 .debug_macro   0x000000000001472b      0x126 ./Core/Src/NRF24L01.o
 .debug_macro   0x0000000000014851      0x36b ./Core/Src/main.o
 .debug_macro   0x0000000000014bbc       0x8e ./Core/Src/main.o
 .debug_macro   0x0000000000014c4a       0x51 ./Core/Src/main.o
 .debug_macro   0x0000000000014c9b       0xdf ./Core/Src/main.o
 .debug_macro   0x0000000000014d7a      0x174 ./Core/Src/main.o
 .debug_macro   0x0000000000014eee       0x5c ./Core/Src/main.o
 .debug_macro   0x0000000000014f4a       0x70 ./Core/Src/main.o
 .debug_macro   0x0000000000014fba       0x52 ./Core/Src/main.o
 .debug_macro   0x000000000001500c      0x333 ./Core/Src/main.o
 .debug_macro   0x000000000001533f       0x10 ./Core/Src/main.o
 .debug_macro   0x000000000001534f       0x35 ./Core/Src/main.o
 .debug_macro   0x0000000000015384       0x20 ./Core/Src/main.o
 .debug_macro   0x00000000000153a4       0x1c ./Core/Src/main.o
 .debug_macro   0x00000000000153c0      0x1d3 ./Core/Src/stm32f4xx_hal_msp.o
 .debug_macro   0x0000000000015593      0x1dd ./Core/Src/stm32f4xx_it.o
 .debug_macro   0x0000000000015770      0x1c4 ./Core/Src/system_stm32f4xx.o
 .debug_macro   0x0000000000015934      0x224 ./Drivers/STM32F4xx_HAL_Driver/Src/stm32f4xx_hal.o
 .debug_macro   0x0000000000015b58      0x1c4 ./Drivers/STM32F4xx_HAL_Driver/Src/stm32f4xx_hal_cortex.o
 .debug_macro   0x0000000000015d1c      0x1ca ./Drivers/STM32F4xx_HAL_Driver/Src/stm32f4xx_hal_gpio.o
 .debug_macro   0x0000000000015ee6      0x1e8 ./Drivers/STM32F4xx_HAL_Driver/Src/stm32f4xx_hal_rcc.o
 .debug_macro   0x00000000000160ce      0x1d3 ./Drivers/STM32F4xx_HAL_Driver/Src/stm32f4xx_hal_spi.o
 .debug_macro   0x00000000000162a1      0x1c5 ./Drivers/STM32F4xx_HAL_Driver/Src/stm32f4xx_hal_uart.o

.debug_line     0x0000000000000000     0x9eef
 .debug_line    0x0000000000000000      0xb58 ./Core/Src/NRF24L01.o
 .debug_line    0x0000000000000b58      0xa71 ./Core/Src/main.o
 .debug_line    0x00000000000015c9      0x735 ./Core/Src/stm32f4xx_hal_msp.o
 .debug_line    0x0000000000001cfe      0x74b ./Core/Src/stm32f4xx_it.o
 .debug_line    0x0000000000002449      0x70a ./Core/Src/system_stm32f4xx.o
 .debug_line    0x0000000000002b53       0x88 ./Core/Startup/startup_stm32f411retx.o
 .debug_line    0x0000000000002bdb      0x970 ./Drivers/STM32F4xx_HAL_Driver/Src/stm32f4xx_hal.o
 .debug_line    0x000000000000354b      0xc1f ./Drivers/STM32F4xx_HAL_Driver/Src/stm32f4xx_hal_cortex.o
 .debug_line    0x000000000000416a      0xaaa ./Drivers/STM32F4xx_HAL_Driver/Src/stm32f4xx_hal_gpio.o
 .debug_line    0x0000000000004c14      0xcec ./Drivers/STM32F4xx_HAL_Driver/Src/stm32f4xx_hal_rcc.o
 .debug_line    0x0000000000005900     0x1bf8 ./Drivers/STM32F4xx_HAL_Driver/Src/stm32f4xx_hal_spi.o
 .debug_line    0x00000000000074f8     0x29f7 ./Drivers/STM32F4xx_HAL_Driver/Src/stm32f4xx_hal_uart.o

.debug_str      0x0000000000000000    0x87962
 .debug_str     0x0000000000000000    0x8549c ./Core/Src/NRF24L01.o
                                      0x85823 (size before relaxing)
 .debug_str     0x000000000008549c      0x6d7 ./Core/Src/main.o
                                      0x85d29 (size before relaxing)
 .debug_str     0x0000000000085b73       0x7d ./Core/Src/stm32f4xx_hal_msp.o
                                      0x817fb (size before relaxing)
 .debug_str     0x0000000000085bf0       0xbd ./Core/Src/stm32f4xx_it.o
                                      0x810ff (size before relaxing)
 .debug_str     0x0000000000085cad       0xaf ./Core/Src/system_stm32f4xx.o
                                      0x8106c (size before relaxing)
 .debug_str     0x0000000000085d5c       0x36 ./Core/Startup/startup_stm32f411retx.o
                                         0x75 (size before relaxing)
 .debug_str     0x0000000000085d92      0x90f ./Drivers/STM32F4xx_HAL_Driver/Src/stm32f4xx_hal.o
                                      0x819f6 (size before relaxing)
 .debug_str     0x00000000000866a1      0x399 ./Drivers/STM32F4xx_HAL_Driver/Src/stm32f4xx_hal_cortex.o
                                      0x817d3 (size before relaxing)
 .debug_str     0x0000000000086a3a      0x15f ./Drivers/STM32F4xx_HAL_Driver/Src/stm32f4xx_hal_gpio.o
                                      0x81213 (size before relaxing)
 .debug_str     0x0000000000086b99      0x259 ./Drivers/STM32F4xx_HAL_Driver/Src/stm32f4xx_hal_rcc.o
                                      0x8146e (size before relaxing)
 .debug_str     0x0000000000086df2      0x57a ./Drivers/STM32F4xx_HAL_Driver/Src/stm32f4xx_hal_spi.o
                                      0x818fe (size before relaxing)
 .debug_str     0x000000000008736c      0x5f6 ./Drivers/STM32F4xx_HAL_Driver/Src/stm32f4xx_hal_uart.o
                                      0x819e2 (size before relaxing)

.comment        0x0000000000000000       0x53
 .comment       0x0000000000000000       0x53 ./Core/Src/NRF24L01.o
                                         0x54 (size before relaxing)
 .comment       0x0000000000000053       0x54 ./Core/Src/main.o
 .comment       0x0000000000000053       0x54 ./Core/Src/stm32f4xx_hal_msp.o
 .comment       0x0000000000000053       0x54 ./Core/Src/stm32f4xx_it.o
 .comment       0x0000000000000053       0x54 ./Core/Src/system_stm32f4xx.o
 .comment       0x0000000000000053       0x54 ./Drivers/STM32F4xx_HAL_Driver/Src/stm32f4xx_hal.o
 .comment       0x0000000000000053       0x54 ./Drivers/STM32F4xx_HAL_Driver/Src/stm32f4xx_hal_cortex.o
 .comment       0x0000000000000053       0x54 ./Drivers/STM32F4xx_HAL_Driver/Src/stm32f4xx_hal_gpio.o
 .comment       0x0000000000000053       0x54 ./Drivers/STM32F4xx_HAL_Driver/Src/stm32f4xx_hal_rcc.o
 .comment       0x0000000000000053       0x54 ./Drivers/STM32F4xx_HAL_Driver/Src/stm32f4xx_hal_spi.o
 .comment       0x0000000000000053       0x54 ./Drivers/STM32F4xx_HAL_Driver/Src/stm32f4xx_hal_uart.o

.debug_frame    0x0000000000000000     0x22a8
 .debug_frame   0x0000000000000000      0x250 ./Core/Src/NRF24L01.o
 .debug_frame   0x0000000000000250       0xf4 ./Core/Src/main.o
 .debug_frame   0x0000000000000344       0xc4 ./Core/Src/stm32f4xx_hal_msp.o
 .debug_frame   0x0000000000000408      0x104 ./Core/Src/stm32f4xx_it.o
 .debug_frame   0x000000000000050c       0x58 ./Core/Src/system_stm32f4xx.o
 .debug_frame   0x0000000000000564      0x374 ./Drivers/STM32F4xx_HAL_Driver/Src/stm32f4xx_hal.o
 .debug_frame   0x00000000000008d8      0x498 ./Drivers/STM32F4xx_HAL_Driver/Src/stm32f4xx_hal_cortex.o
 .debug_frame   0x0000000000000d70      0x14c ./Drivers/STM32F4xx_HAL_Driver/Src/stm32f4xx_hal_gpio.o
 .debug_frame   0x0000000000000ebc      0x1f0 ./Drivers/STM32F4xx_HAL_Driver/Src/stm32f4xx_hal_rcc.o
 .debug_frame   0x00000000000010ac      0x824 ./Drivers/STM32F4xx_HAL_Driver/Src/stm32f4xx_hal_spi.o
 .debug_frame   0x00000000000018d0      0x92c ./Drivers/STM32F4xx_HAL_Driver/Src/stm32f4xx_hal_uart.o
 .debug_frame   0x00000000000021fc       0x2c /opt/st/stm32cubeide_1.8.0/plugins/com.st.stm32cube.ide.mcu.externaltools.gnu-tools-for-stm32.9-2020-q2-update.linux64_2.0.0.202105311346/tools/bin/../lib/gcc/arm-none-eabi/9.3.1/../../../../arm-none-eabi/lib/thumb/v7e-m+fp/hard/libc_nano.a(lib_a-init.o)
 .debug_frame   0x0000000000002228       0x20 /opt/st/stm32cubeide_1.8.0/plugins/com.st.stm32cube.ide.mcu.externaltools.gnu-tools-for-stm32.9-2020-q2-update.linux64_2.0.0.202105311346/tools/bin/../lib/gcc/arm-none-eabi/9.3.1/../../../../arm-none-eabi/lib/thumb/v7e-m+fp/hard/libc_nano.a(lib_a-memset.o)
 .debug_frame   0x0000000000002248       0x2c /opt/st/stm32cubeide_1.8.0/plugins/com.st.stm32cube.ide.mcu.externaltools.gnu-tools-for-stm32.9-2020-q2-update.linux64_2.0.0.202105311346/tools/bin/../lib/gcc/arm-none-eabi/9.3.1/thumb/v7e-m+fp/hard/libgcc.a(_aeabi_uldivmod.o)
 .debug_frame   0x0000000000002274       0x34 /opt/st/stm32cubeide_1.8.0/plugins/com.st.stm32cube.ide.mcu.externaltools.gnu-tools-for-stm32.9-2020-q2-update.linux64_2.0.0.202105311346/tools/bin/../lib/gcc/arm-none-eabi/9.3.1/thumb/v7e-m+fp/hard/libgcc.a(_udivmoddi4.o)
